// Jest Snapshot v1, https://goo.gl/fbAQLP

exports[`should render the GarbagetruckPage 1`] = `
<div>
  <PageHeader
    data={3}
    subTitle="Connected"
    title="Garbagetrucks"
  />
  <GoogleMap
    bootstrapURLKeys={
      Object {
        "key": undefined,
      }
    }
    debounced={true}
    defaultCenter={
      Object {
        "lat": 59.407859,
        "lng": 17.944644,
      }
    }
    defaultZoom={13}
    distanceToMouse={[Function]}
    googleMapLoader={[Function]}
    heatmap={Object {}}
    heatmapLibrary={false}
    hoverDistance={30}
    layerTypes={Array []}
    onGoogleApiLoaded={[Function]}
    options={[Function]}
    style={
      Object {
        "height": "400px",
        "position": "relative",
        "width": "100%",
      }
    }
    yesIWantToUseGoogleMapApiInternals={true}
  >
    <FontAwesome
      key="3b2617d3-d9fc-42cb-b3ee-ab3f074598df"
      lat="59.407136"
      lng="17.944543"
      name="truck"
      style={
        Object {
          "color": "grey",
          "fontSize": "2rem",
        }
      }
      text="3b2617d3-d9fc-42cb-b3ee-ab3f074598df"
    />
    <FontAwesome
      key="3b2617d3-d9fc-42cb-b3ee-ab3f074598yu"
      lat="59.407136"
      lng="17.944543"
      name="truck"
      style={
        Object {
          "color": "grey",
          "fontSize": "2rem",
        }
      }
      text="3b2617d3-d9fc-42cb-b3ee-ab3f074598yu"
    />
    <FontAwesome
      key="3b2617d3-d9fc-42cb-b3ee-ab3f07459hjj"
      lat="59.407136"
      lng="17.944543"
      name="truck"
      style={
        Object {
          "color": "grey",
          "fontSize": "2rem",
        }
      }
      text="3b2617d3-d9fc-42cb-b3ee-ab3f07459hjj"
    />
    <FontAwesome
      key="8c13a125-cb3f-4a81-8cc5-c64574b0761f"
      lat="59.398546"
      lng="17.947002"
      name="map-marker"
      style={
        Object {
          "color": "#E74C3C",
          "fontSize": "2rem",
        }
      }
      text="8c13a125-cb3f-4a81-8cc5-c64574b0761f"
    />
    <FontAwesome
      key="0b394d27-1d7a-448e-b7f6-fa38d2f1ea41"
      lat="59.407859"
      lng="17.944644"
      name="map-marker"
      style={
        Object {
          "color": "#52BE80",
          "fontSize": "2rem",
        }
      }
      text="0b394d27-1d7a-448e-b7f6-fa38d2f1ea41"
    />
  </GoogleMap>
  <div
    className="content-container"
  >
    <button
      className="button"
      onClick={[Function]}
    >
      Send route
    </button>
    <div>
      <GarbagetruckCard
        garbagetruck={
          Object {
            "capacity": "0.0",
            "garbageTruckId": "3b2617d3-d9fc-42cb-b3ee-ab3f074598df",
            "location": Object {
              "latitude": "59.407136",
              "longitude": "17.944543",
            },
          }
        }
        key="3b2617d3-d9fc-42cb-b3ee-ab3f074598df"
        selectGarbagetruck={[Function]}
      />
      <GarbagetruckCard
        garbagetruck={
          Object {
            "capacity": "23.0",
            "garbageTruckId": "3b2617d3-d9fc-42cb-b3ee-ab3f074598yu",
            "location": Object {
              "latitude": "59.407136",
              "longitude": "17.944543",
            },
          }
        }
        key="3b2617d3-d9fc-42cb-b3ee-ab3f074598yu"
        selectGarbagetruck={[Function]}
      />
      <GarbagetruckCard
        garbagetruck={
          Object {
            "capacity": "99.0",
            "garbageTruckId": "3b2617d3-d9fc-42cb-b3ee-ab3f07459hjj",
            "location": Object {
              "latitude": "59.407136",
              "longitude": "17.944543",
            },
          }
        }
        key="3b2617d3-d9fc-42cb-b3ee-ab3f07459hjj"
        selectGarbagetruck={[Function]}
      />
    </div>
    <TrashcanTable
      selectTrashcan={[Function]}
      trashcans={
        Array [
          Object {
            "TrashcanHistoryEntry": Object {
              "canStatus": "ONFIRE",
              "lastEmptied": "Mon Dec 31 14:18:38 CET 2018",
              "temperature": "128.0",
              "timestamp": "Mon Dec 31 14:45:08 CET 2018",
              "trashLevel": "100.0",
            },
            "isConnected": "true",
            "location": Object {
              "latitude": "59.398546",
              "longitude": "17.947002",
            },
            "trashcanId": "8c13a125-cb3f-4a81-8cc5-c64574b0761f",
            "type": "household",
          },
          Object {
            "TrashcanHistoryEntry": Object {
              "canStatus": "EMPTY",
              "lastEmptied": "Mon Dec 31 14:49:51 CET 2018",
              "temperature": "10.0",
              "timestamp": "Mon Dec 31 14:49:52 CET 2018",
              "trashLevel": "10.0",
            },
            "isConnected": "true",
            "location": Object {
              "latitude": "59.407859",
              "longitude": "17.944644",
            },
            "trashcanId": "0b394d27-1d7a-448e-b7f6-fa38d2f1ea41",
            "type": "electronics",
          },
        ]
      }
    />
  </div>
</div>
`;
