// Jest Snapshot v1, https://goo.gl/fbAQLP

exports[`should render the GarbagetruckCard 1`] = `
<div
  className="garbagetruck-card"
  onClick={[Function]}
>
  <div
    className="garbagetruck-card__id"
  >
    3b2617d3-d9fc-42cb-b3ee-ab3f074598df
  </div>
  <div
    className="garbagetruck-card__text"
  >
    <span>
      Capacity
    </span>
    0.0
  </div>
  <div
    className="garbagetruck-card__text"
  >
    <span>
      Location
    </span>
    17.944543
    , 
    59.407136
  </div>
</div>
`;
